08:34:43 **** Build of configuration Debug for project 11_BlockingATask ****
make -j8 all 
arm-none-eabi-gcc "../Core/Src/main.c" -mcpu=cortex-m4 -std=gnu11 -g3 -DDEBUG -DUSE_HAL_DRIVER -DSTM32F401xE -c -I../Core/Inc -I../Drivers/STM32F4xx_HAL_Driver/Inc -I../Drivers/STM32F4xx_HAL_Driver/Inc/Legacy -I../Drivers/CMSIS/Device/ST/STM32F4xx/Include -I../Drivers/CMSIS/Include -I../Middlewares/Third_Party/FreeRTOS/Source/include -I../Middlewares/Third_Party/FreeRTOS/Source/CMSIS_RTOS_V2 -I../Middlewares/Third_Party/FreeRTOS/Source/portable/GCC/ARM_CM4F -O0 -ffunction-sections -fdata-sections -Wall -fstack-usage -MMD -MP -MF"Core/Src/main.d" -MT"Core/Src/main.o" --specs=nano.specs -mfpu=fpv4-sp-d16 -mfloat-abi=hard -mthumb -o "Core/Src/main.o"
arm-none-eabi-gcc -o "11_BlockingATask.elf" @"objects.list"   -mcpu=cortex-m4 -T"C:\Users\figue\Documents\2.Electronics\1.Embedded_Systems\STM32\RTOS\RTOS_Training\FreeRTOS_From_Ground_Up\codes\11_BlockingATask\STM32F401RETX_FLASH.ld" --specs=nosys.specs -Wl,-Map="11_BlockingATask.map" -Wl,--gc-sections -static --specs=nano.specs -mfpu=fpv4-sp-d16 -mfloat-abi=hard -mthumb -Wl,--start-group -lc -lm -Wl,--end-group
Finished building target: 11_BlockingATask.elf
 
arm-none-eabi-size   11_BlockingATask.elf 
arm-none-eabi-objdump -h -S  11_BlockingATask.elf  > "11_BlockingATask.list"
   text	   data	    bss	    dec	    hex	filename
  19092	     24	  20488	  39604	   9ab4	11_BlockingATask.elf
arm-none-eabi-objcopy  -O binary  11_BlockingATask.elf  "11_BlockingATask.bin"
Finished building: default.size.stdout
 
Finished building: 11_BlockingATask.bin
 
Finished building: 11_BlockingATask.list
 

08:34:45 Build Finished. 0 errors, 0 warnings. (took 1s.513ms)

