08:34:50 **** Build of configuration Debug for project 2_CreatingTaskFromAnotherTasks ****
make -j8 all 
arm-none-eabi-gcc "../Core/Src/main.c" -mcpu=cortex-m4 -std=gnu11 -g3 -DDEBUG -DUSE_HAL_DRIVER -DSTM32F401xE -c -I../Core/Inc -I../Drivers/STM32F4xx_HAL_Driver/Inc -I../Drivers/STM32F4xx_HAL_Driver/Inc/Legacy -I../Drivers/CMSIS/Device/ST/STM32F4xx/Include -I../Drivers/CMSIS/Include -I../Middlewares/Third_Party/FreeRTOS/Source/include -I../Middlewares/Third_Party/FreeRTOS/Source/CMSIS_RTOS_V2 -I../Middlewares/Third_Party/FreeRTOS/Source/portable/GCC/ARM_CM4F -O0 -ffunction-sections -fdata-sections -Wall -fstack-usage -MMD -MP -MF"Core/Src/main.d" -MT"Core/Src/main.o" --specs=nano.specs -mfpu=fpv4-sp-d16 -mfloat-abi=hard -mthumb -o "Core/Src/main.o"
arm-none-eabi-gcc -o "2_CreatingTaskFromAnotherTasks.elf" @"objects.list"   -mcpu=cortex-m4 -T"C:\Users\figue\Documents\2.Electronics\1.Embedded_Systems\STM32\RTOS\RTOS_Training\FreeRTOS_From_Ground_Up\codes\2_CreatingTaskFromAnotherTasks\STM32F401RETX_FLASH.ld" --specs=nosys.specs -Wl,-Map="2_CreatingTaskFromAnotherTasks.map" -Wl,--gc-sections -static --specs=nano.specs -mfpu=fpv4-sp-d16 -mfloat-abi=hard -mthumb -Wl,--start-group -lc -lm -Wl,--end-group
Finished building target: 2_CreatingTaskFromAnotherTasks.elf
 
arm-none-eabi-size   2_CreatingTaskFromAnotherTasks.elf 
arm-none-eabi-objdump -h -S  2_CreatingTaskFromAnotherTasks.elf  > "2_CreatingTaskFromAnotherTasks.list"
   text	   data	    bss	    dec	    hex	filename
  18980	     24	  20488	  39492	   9a44	2_CreatingTaskFromAnotherTasks.elf
arm-none-eabi-objcopy  -O binary  2_CreatingTaskFromAnotherTasks.elf  "2_CreatingTaskFromAnotherTasks.bin"
Finished building: default.size.stdout
 
Finished building: 2_CreatingTaskFromAnotherTasks.bin
 
Finished building: 2_CreatingTaskFromAnotherTasks.list
 

08:34:51 Build Finished. 0 errors, 0 warnings. (took 1s.462ms)

