08:34:57 **** Build of configuration Debug for project 7_GettingTaskPriority ****
make -j8 all 
arm-none-eabi-gcc "../Core/Src/main.c" -mcpu=cortex-m4 -std=gnu11 -g3 -DDEBUG -DUSE_HAL_DRIVER -DSTM32F401xE -c -I../Core/Inc -I../Drivers/STM32F4xx_HAL_Driver/Inc -I../Drivers/STM32F4xx_HAL_Driver/Inc/Legacy -I../Drivers/CMSIS/Device/ST/STM32F4xx/Include -I../Drivers/CMSIS/Include -I../Middlewares/Third_Party/FreeRTOS/Source/include -I../Middlewares/Third_Party/FreeRTOS/Source/CMSIS_RTOS_V2 -I../Middlewares/Third_Party/FreeRTOS/Source/portable/GCC/ARM_CM4F -O0 -ffunction-sections -fdata-sections -Wall -fstack-usage -MMD -MP -MF"Core/Src/main.d" -MT"Core/Src/main.o" --specs=nano.specs -mfpu=fpv4-sp-d16 -mfloat-abi=hard -mthumb -o "Core/Src/main.o"
arm-none-eabi-gcc -o "7_GettingTaskPriority.elf" @"objects.list"   -mcpu=cortex-m4 -T"C:\Users\figue\Documents\2.Electronics\1.Embedded_Systems\STM32\RTOS\RTOS_Training\FreeRTOS_From_Ground_Up\codes\7_GettingTaskPriority\STM32F401RETX_FLASH.ld" --specs=nosys.specs -Wl,-Map="7_GettingTaskPriority.map" -Wl,--gc-sections -static --specs=nano.specs -mfpu=fpv4-sp-d16 -mfloat-abi=hard -mthumb -Wl,--start-group -lc -lm -Wl,--end-group
Finished building target: 7_GettingTaskPriority.elf
 
arm-none-eabi-size   7_GettingTaskPriority.elf 
arm-none-eabi-objdump -h -S  7_GettingTaskPriority.elf  > "7_GettingTaskPriority.list"
   text	   data	    bss	    dec	    hex	filename
  19396	     24	  20504	  39924	   9bf4	7_GettingTaskPriority.elf
arm-none-eabi-objcopy  -O binary  7_GettingTaskPriority.elf  "7_GettingTaskPriority.bin"
Finished building: default.size.stdout
 
Finished building: 7_GettingTaskPriority.bin
 
Finished building: 7_GettingTaskPriority.list
 

08:34:59 Build Finished. 0 errors, 0 warnings. (took 1s.513ms)

